  Geri y├╝klenecek projeler belirleniyor...
C:\Program Files\dotnet\sdk\9.0.310\Sdks\Microsoft.NET.Sdk\targets\Microsoft.NET.EolTargetFrameworks.targets(32,5): warning NETSDK1138: 'net7.0' hedef ├ğer├ğevesi destek kapsam─▒ d─▒┼ş─▒nda ve gelecekte g├╝venlik g├╝ncelle┼ştirmeleri almayacak. L├╝tfen destek ilkesi hakk─▒nda daha fazla bilgi i├ğin ┼şuraya bak─▒n: https://aka.ms/dotnet-core-support. [C:\Users\LENOVO\Desktop\c# 2. s─▒n─▒f\GaziHastane\GaziHastane\GaziHastane.csproj]
  Geri y├╝kleme i├ğin t├╝m projeler g├╝ncel.
C:\Program Files\dotnet\sdk\9.0.310\Sdks\Microsoft.NET.Sdk\targets\Microsoft.NET.EolTargetFrameworks.targets(32,5): warning NETSDK1138: 'net7.0' hedef ├ğer├ğevesi destek kapsam─▒ d─▒┼ş─▒nda ve gelecekte g├╝venlik g├╝ncelle┼ştirmeleri almayacak. L├╝tfen destek ilkesi hakk─▒nda daha fazla bilgi i├ğin ┼şuraya bak─▒n: https://aka.ms/dotnet-core-support. [C:\Users\LENOVO\Desktop\c# 2. s─▒n─▒f\GaziHastane\GaziHastane\GaziHastane.csproj]
C:\Users\LENOVO\Desktop\c# 2. s─▒n─▒f\GaziHastane\GaziHastane\Models\OdemeMakbuzViewModel.cs(31,23): warning CS8618: Null atanamaz ├Âzellik 'IslemAdi', olu┼şturucudan ├ğ─▒k─▒┼ş yaparken null olmayan bir de─şer i├ğermelidir. 'Gerekli' de─şi┼ştiricisini ekleyin veya ├Âzellik de─şerini null atanabilir olarak bildirmeyi g├Âz ├Ân├╝nde bulundurun. [C:\Users\LENOVO\Desktop\c# 2. s─▒n─▒f\GaziHastane\GaziHastane\GaziHastane.csproj]
C:\Users\LENOVO\Desktop\c# 2. s─▒n─▒f\GaziHastane\GaziHastane\Models\OdemeMakbuzViewModel.cs(10,23): warning CS8618: Null atanamaz ├Âzellik 'HastaAdSoyad', olu┼şturucudan ├ğ─▒k─▒┼ş yaparken null olmayan bir de─şer i├ğermelidir. 'Gerekli' de─şi┼ştiricisini ekleyin veya ├Âzellik de─şerini null atanabilir olarak bildirmeyi g├Âz ├Ân├╝nde bulundurun. [C:\Users\LENOVO\Desktop\c# 2. s─▒n─▒f\GaziHastane\GaziHastane\GaziHastane.csproj]
C:\Users\LENOVO\Desktop\c# 2. s─▒n─▒f\GaziHastane\GaziHastane\Models\OdemeMakbuzViewModel.cs(11,23): warning CS8618: Null atanamaz ├Âzellik 'TcKimlik', olu┼şturucudan ├ğ─▒k─▒┼ş yaparken null olmayan bir de─şer i├ğermelidir. 'Gerekli' de─şi┼ştiricisini ekleyin veya ├Âzellik de─şerini null atanabilir olarak bildirmeyi g├Âz ├Ân├╝nde bulundurun. [C:\Users\LENOVO\Desktop\c# 2. s─▒n─▒f\GaziHastane\GaziHastane\GaziHastane.csproj]
C:\Users\LENOVO\Desktop\c# 2. s─▒n─▒f\GaziHastane\GaziHastane\Models\OdemeMakbuzViewModel.cs(12,23): warning CS8618: Null atanamaz ├Âzellik 'MakbuzNo', olu┼şturucudan ├ğ─▒k─▒┼ş yaparken null olmayan bir de─şer i├ğermelidir. 'Gerekli' de─şi┼ştiricisini ekleyin veya ├Âzellik de─şerini null atanabilir olarak bildirmeyi g├Âz ├Ân├╝nde bulundurun. [C:\Users\LENOVO\Desktop\c# 2. s─▒n─▒f\GaziHastane\GaziHastane\GaziHastane.csproj]
C:\Users\LENOVO\Desktop\c# 2. s─▒n─▒f\GaziHastane\GaziHastane\Models\OdemeMakbuzViewModel.cs(14,23): warning CS8618: Null atanamaz ├Âzellik 'OdemeYontemi', olu┼şturucudan ├ğ─▒k─▒┼ş yaparken null olmayan bir de─şer i├ğermelidir. 'Gerekli' de─şi┼ştiricisini ekleyin veya ├Âzellik de─şerini null atanabilir olarak bildirmeyi g├Âz ├Ân├╝nde bulundurun. [C:\Users\LENOVO\Desktop\c# 2. s─▒n─▒f\GaziHastane\GaziHastane\GaziHastane.csproj]
C:\Users\LENOVO\Desktop\c# 2. s─▒n─▒f\GaziHastane\GaziHastane\Models\OdemeMakbuzViewModel.cs(15,23): warning CS8618: Null atanamaz ├Âzellik 'IslemRef', olu┼şturucudan ├ğ─▒k─▒┼ş yaparken null olmayan bir de─şer i├ğermelidir. 'Gerekli' de─şi┼ştiricisini ekleyin veya ├Âzellik de─şerini null atanabilir olarak bildirmeyi g├Âz ├Ân├╝nde bulundurun. [C:\Users\LENOVO\Desktop\c# 2. s─▒n─▒f\GaziHastane\GaziHastane\GaziHastane.csproj]
C:\Users\LENOVO\Desktop\c# 2. s─▒n─▒f\GaziHastane\GaziHastane\Models\KrokiYeni.cs(29,23): warning CS8618: Null atanamaz ├Âzellik 'BirimAdi', olu┼şturucudan ├ğ─▒k─▒┼ş yaparken null olmayan bir de─şer i├ğermelidir. 'Gerekli' de─şi┼ştiricisini ekleyin veya ├Âzellik de─şerini null atanabilir olarak bildirmeyi g├Âz ├Ân├╝nde bulundurun. [C:\Users\LENOVO\Desktop\c# 2. s─▒n─▒f\GaziHastane\GaziHastane\GaziHastane.csproj]
C:\Users\LENOVO\Desktop\c# 2. s─▒n─▒f\GaziHastane\GaziHastane\Models\KrokiYeni.cs(32,23): warning CS8618: Null atanamaz ├Âzellik 'Ikon', olu┼şturucudan ├ğ─▒k─▒┼ş yaparken null olmayan bir de─şer i├ğermelidir. 'Gerekli' de─şi┼ştiricisini ekleyin veya ├Âzellik de─şerini null atanabilir olarak bildirmeyi g├Âz ├Ân├╝nde bulundurun. [C:\Users\LENOVO\Desktop\c# 2. s─▒n─▒f\GaziHastane\GaziHastane\GaziHastane.csproj]
C:\Users\LENOVO\Desktop\c# 2. s─▒n─▒f\GaziHastane\GaziHastane\Models\KrokiYeni.cs(19,23): warning CS8618: Null atanamaz ├Âzellik 'KatAdi', olu┼şturucudan ├ğ─▒k─▒┼ş yaparken null olmayan bir de─şer i├ğermelidir. 'Gerekli' de─şi┼ştiricisini ekleyin veya ├Âzellik de─şerini null atanabilir olarak bildirmeyi g├Âz ├Ân├╝nde bulundurun. [C:\Users\LENOVO\Desktop\c# 2. s─▒n─▒f\GaziHastane\GaziHastane\GaziHastane.csproj]
C:\Users\LENOVO\Desktop\c# 2. s─▒n─▒f\GaziHastane\GaziHastane\Models\KrokiYeni.cs(10,23): warning CS8618: Null atanamaz ├Âzellik 'BlokAdi', olu┼şturucudan ├ğ─▒k─▒┼ş yaparken null olmayan bir de─şer i├ğermelidir. 'Gerekli' de─şi┼ştiricisini ekleyin veya ├Âzellik de─şerini null atanabilir olarak bildirmeyi g├Âz ├Ân├╝nde bulundurun. [C:\Users\LENOVO\Desktop\c# 2. s─▒n─▒f\GaziHastane\GaziHastane\GaziHastane.csproj]
C:\Users\LENOVO\Desktop\c# 2. s─▒n─▒f\GaziHastane\GaziHastane\Models\KrokiYeni.cs(11,23): warning CS8618: Null atanamaz ├Âzellik 'Renk', olu┼şturucudan ├ğ─▒k─▒┼ş yaparken null olmayan bir de─şer i├ğermelidir. 'Gerekli' de─şi┼ştiricisini ekleyin veya ├Âzellik de─şerini null atanabilir olarak bildirmeyi g├Âz ├Ân├╝nde bulundurun. [C:\Users\LENOVO\Desktop\c# 2. s─▒n─▒f\GaziHastane\GaziHastane\GaziHastane.csproj]
C:\Users\LENOVO\Desktop\c# 2. s─▒n─▒f\GaziHastane\GaziHastane\Models\HomeViewModel.cs(8,35): warning CS8618: Null atanamaz ├Âzellik 'Haberler', olu┼şturucudan ├ğ─▒k─▒┼ş yaparken null olmayan bir de─şer i├ğermelidir. 'Gerekli' de─şi┼ştiricisini ekleyin veya ├Âzellik de─şerini null atanabilir olarak bildirmeyi g├Âz ├Ân├╝nde bulundurun. [C:\Users\LENOVO\Desktop\c# 2. s─▒n─▒f\GaziHastane\GaziHastane\GaziHastane.csproj]
C:\Users\LENOVO\Desktop\c# 2. s─▒n─▒f\GaziHastane\GaziHastane\Models\HomeViewModel.cs(9,38): warning CS8618: Null atanamaz ├Âzellik 'Etkinlikler', olu┼şturucudan ├ğ─▒k─▒┼ş yaparken null olmayan bir de─şer i├ğermelidir. 'Gerekli' de─şi┼ştiricisini ekleyin veya ├Âzellik de─şerini null atanabilir olarak bildirmeyi g├Âz ├Ân├╝nde bulundurun. [C:\Users\LENOVO\Desktop\c# 2. s─▒n─▒f\GaziHastane\GaziHastane\GaziHastane.csproj]
C:\Users\LENOVO\Desktop\c# 2. s─▒n─▒f\GaziHastane\GaziHastane\Models\HomeViewModel.cs(10,36): warning CS8618: Null atanamaz ├Âzellik 'Duyurular', olu┼şturucudan ├ğ─▒k─▒┼ş yaparken null olmayan bir de─şer i├ğermelidir. 'Gerekli' de─şi┼ştiricisini ekleyin veya ├Âzellik de─şerini null atanabilir olarak bildirmeyi g├Âz ├Ân├╝nde bulundurun. [C:\Users\LENOVO\Desktop\c# 2. s─▒n─▒f\GaziHastane\GaziHastane\GaziHastane.csproj]
C:\Users\LENOVO\Desktop\c# 2. s─▒n─▒f\GaziHastane\GaziHastane\Models\HomeViewModel.cs(11,33): warning CS8618: Null atanamaz ├Âzellik 'HizliIslemler', olu┼şturucudan ├ğ─▒k─▒┼ş yaparken null olmayan bir de─şer i├ğermelidir. 'Gerekli' de─şi┼ştiricisini ekleyin veya ├Âzellik de─şerini null atanabilir olarak bildirmeyi g├Âz ├Ân├╝nde bulundurun. [C:\Users\LENOVO\Desktop\c# 2. s─▒n─▒f\GaziHastane\GaziHastane\GaziHastane.csproj]
C:\Users\LENOVO\Desktop\c# 2. s─▒n─▒f\GaziHastane\GaziHastane\Models\HomeViewModel.cs(12,28): warning CS8618: Null atanamaz ├Âzellik 'SliderGorselleri', olu┼şturucudan ├ğ─▒k─▒┼ş yaparken null olmayan bir de─şer i├ğermelidir. 'Gerekli' de─şi┼ştiricisini ekleyin veya ├Âzellik de─şerini null atanabilir olarak bildirmeyi g├Âz ├Ân├╝nde bulundurun. [C:\Users\LENOVO\Desktop\c# 2. s─▒n─▒f\GaziHastane\GaziHastane\GaziHastane.csproj]
C:\Users\LENOVO\Desktop\c# 2. s─▒n─▒f\GaziHastane\GaziHastane\Models\HemsirelikSekme.cs(11,23): warning CS8618: Null atanamaz ├Âzellik 'Baslik', olu┼şturucudan ├ğ─▒k─▒┼ş yaparken null olmayan bir de─şer i├ğermelidir. 'Gerekli' de─şi┼ştiricisini ekleyin veya ├Âzellik de─şerini null atanabilir olarak bildirmeyi g├Âz ├Ân├╝nde bulundurun. [C:\Users\LENOVO\Desktop\c# 2. s─▒n─▒f\GaziHastane\GaziHastane\GaziHastane.csproj]
C:\Users\LENOVO\Desktop\c# 2. s─▒n─▒f\GaziHastane\GaziHastane\Models\HemsirelikSekme.cs(14,23): warning CS8618: Null atanamaz ├Âzellik 'SekmeId', olu┼şturucudan ├ğ─▒k─▒┼ş yaparken null olmayan bir de─şer i├ğermelidir. 'Gerekli' de─şi┼ştiricisini ekleyin veya ├Âzellik de─şerini null atanabilir olarak bildirmeyi g├Âz ├Ân├╝nde bulundurun. [C:\Users\LENOVO\Desktop\c# 2. s─▒n─▒f\GaziHastane\GaziHastane\GaziHastane.csproj]
C:\Users\LENOVO\Desktop\c# 2. s─▒n─▒f\GaziHastane\GaziHastane\Models\HemsirelikSekme.cs(16,23): warning CS8618: Null atanamaz ├Âzellik 'IconClass', olu┼şturucudan ├ğ─▒k─▒┼ş yaparken null olmayan bir de─şer i├ğermelidir. 'Gerekli' de─şi┼ştiricisini ekleyin veya ├Âzellik de─şerini null atanabilir olarak bildirmeyi g├Âz ├Ân├╝nde bulundurun. [C:\Users\LENOVO\Desktop\c# 2. s─▒n─▒f\GaziHastane\GaziHastane\GaziHastane.csproj]
C:\Users\LENOVO\Desktop\c# 2. s─▒n─▒f\GaziHastane\GaziHastane\Models\HemsirelikModelView.cs(7,31): warning CS8618: Null atanamaz ├Âzellik 'Ayarlar', olu┼şturucudan ├ğ─▒k─▒┼ş yaparken null olmayan bir de─şer i├ğermelidir. 'Gerekli' de─şi┼ştiricisini ekleyin veya ├Âzellik de─şerini null atanabilir olarak bildirmeyi g├Âz ├Ân├╝nde bulundurun. [C:\Users\LENOVO\Desktop\c# 2. s─▒n─▒f\GaziHastane\GaziHastane\GaziHastane.csproj]
C:\Users\LENOVO\Desktop\c# 2. s─▒n─▒f\GaziHastane\GaziHastane\Models\HemsirelikModelView.cs(8,38): warning CS8618: Null atanamaz ├Âzellik 'Sekmeler', olu┼şturucudan ├ğ─▒k─▒┼ş yaparken null olmayan bir de─şer i├ğermelidir. 'Gerekli' de─şi┼ştiricisini ekleyin veya ├Âzellik de─şerini null atanabilir olarak bildirmeyi g├Âz ├Ân├╝nde bulundurun. [C:\Users\LENOVO\Desktop\c# 2. s─▒n─▒f\GaziHastane\GaziHastane\GaziHastane.csproj]
C:\Users\LENOVO\Desktop\c# 2. s─▒n─▒f\GaziHastane\GaziHastane\Models\HemsirelikModelView.cs(9,39): warning CS8618: Null atanamaz ├Âzellik 'YonetimKadrosu', olu┼şturucudan ├ğ─▒k─▒┼ş yaparken null olmayan bir de─şer i├ğermelidir. 'Gerekli' de─şi┼ştiricisini ekleyin veya ├Âzellik de─şerini null atanabilir olarak bildirmeyi g├Âz ├Ân├╝nde bulundurun. [C:\Users\LENOVO\Desktop\c# 2. s─▒n─▒f\GaziHastane\GaziHastane\GaziHastane.csproj]
C:\Users\LENOVO\Desktop\c# 2. s─▒n─▒f\GaziHastane\GaziHastane\Models\HemsirelikModelView.cs(10,39): warning CS8618: Null atanamaz ├Âzellik 'Gorevler', olu┼şturucudan ├ğ─▒k─▒┼ş yaparken null olmayan bir de─şer i├ğermelidir. 'Gerekli' de─şi┼ştiricisini ekleyin veya ├Âzellik de─şerini null atanabilir olarak bildirmeyi g├Âz ├Ân├╝nde bulundurun. [C:\Users\LENOVO\Desktop\c# 2. s─▒n─▒f\GaziHastane\GaziHastane\GaziHastane.csproj]
C:\Users\LENOVO\Desktop\c# 2. s─▒n─▒f\GaziHastane\GaziHastane\Models\HemsirelikModelView.cs(11,39): warning CS8618: Null atanamaz ├Âzellik 'Mevzuatlar', olu┼şturucudan ├ğ─▒k─▒┼ş yaparken null olmayan bir de─şer i├ğermelidir. 'Gerekli' de─şi┼ştiricisini ekleyin veya ├Âzellik de─şerini null atanabilir olarak bildirmeyi g├Âz ├Ân├╝nde bulundurun. [C:\Users\LENOVO\Desktop\c# 2. s─▒n─▒f\GaziHastane\GaziHastane\GaziHastane.csproj]
C:\Users\LENOVO\Desktop\c# 2. s─▒n─▒f\GaziHastane\GaziHastane\Models\HemsirelikModelView.cs(12,39): warning CS8618: Null atanamaz ├Âzellik 'GaleriFotograflari', olu┼şturucudan ├ğ─▒k─▒┼ş yaparken null olmayan bir de─şer i├ğermelidir. 'Gerekli' de─şi┼ştiricisini ekleyin veya ├Âzellik de─şerini null atanabilir olarak bildirmeyi g├Âz ├Ân├╝nde bulundurun. [C:\Users\LENOVO\Desktop\c# 2. s─▒n─▒f\GaziHastane\GaziHastane\GaziHastane.csproj]
C:\Users\LENOVO\Desktop\c# 2. s─▒n─▒f\GaziHastane\GaziHastane\Models\HemsirelikModelView.cs(13,39): warning CS8618: Null atanamaz ├Âzellik 'Etkinlikler', olu┼şturucudan ├ğ─▒k─▒┼ş yaparken null olmayan bir de─şer i├ğermelidir. 'Gerekli' de─şi┼ştiricisini ekleyin veya ├Âzellik de─şerini null atanabilir olarak bildirmeyi g├Âz ├Ân├╝nde bulundurun. [C:\Users\LENOVO\Desktop\c# 2. s─▒n─▒f\GaziHastane\GaziHastane\GaziHastane.csproj]
C:\Users\LENOVO\Desktop\c# 2. s─▒n─▒f\GaziHastane\GaziHastane\Models\HemsirelikModelView.cs(14,39): warning CS8618: Null atanamaz ├Âzellik 'AkisSemalari', olu┼şturucudan ├ğ─▒k─▒┼ş yaparken null olmayan bir de─şer i├ğermelidir. 'Gerekli' de─şi┼ştiricisini ekleyin veya ├Âzellik de─şerini null atanabilir olarak bildirmeyi g├Âz ├Ân├╝nde bulundurun. [C:\Users\LENOVO\Desktop\c# 2. s─▒n─▒f\GaziHastane\GaziHastane\GaziHastane.csproj]
C:\Users\LENOVO\Desktop\c# 2. s─▒n─▒f\GaziHastane\GaziHastane\Models\HemsirelikIcerik.cs(12,23): warning CS8618: Null atanamaz ├Âzellik 'Kategori', olu┼şturucudan ├ğ─▒k─▒┼ş yaparken null olmayan bir de─şer i├ğermelidir. 'Gerekli' de─şi┼ştiricisini ekleyin veya ├Âzellik de─şerini null atanabilir olarak bildirmeyi g├Âz ├Ân├╝nde bulundurun. [C:\Users\LENOVO\Desktop\c# 2. s─▒n─▒f\GaziHastane\GaziHastane\GaziHastane.csproj]
C:\Users\LENOVO\Desktop\c# 2. s─▒n─▒f\GaziHastane\GaziHastane\Models\HemsirelikIcerik.cs(14,23): warning CS8618: Null atanamaz ├Âzellik 'Baslik', olu┼şturucudan ├ğ─▒k─▒┼ş yaparken null olmayan bir de─şer i├ğermelidir. 'Gerekli' de─şi┼ştiricisini ekleyin veya ├Âzellik de─şerini null atanabilir olarak bildirmeyi g├Âz ├Ân├╝nde bulundurun. [C:\Users\LENOVO\Desktop\c# 2. s─▒n─▒f\GaziHastane\GaziHastane\GaziHastane.csproj]
C:\Users\LENOVO\Desktop\c# 2. s─▒n─▒f\GaziHastane\GaziHastane\Models\HemsirelikIcerik.cs(15,23): warning CS8618: Null atanamaz ├Âzellik 'AltBaslik', olu┼şturucudan ├ğ─▒k─▒┼ş yaparken null olmayan bir de─şer i├ğermelidir. 'Gerekli' de─şi┼ştiricisini ekleyin veya ├Âzellik de─şerini null atanabilir olarak bildirmeyi g├Âz ├Ân├╝nde bulundurun. [C:\Users\LENOVO\Desktop\c# 2. s─▒n─▒f\GaziHastane\GaziHastane\GaziHastane.csproj]
C:\Users\LENOVO\Desktop\c# 2. s─▒n─▒f\GaziHastane\GaziHastane\Models\HemsirelikIcerik.cs(16,23): warning CS8618: Null atanamaz ├Âzellik 'Aciklama', olu┼şturucudan ├ğ─▒k─▒┼ş yaparken null olmayan bir de─şer i├ğermelidir. 'Gerekli' de─şi┼ştiricisini ekleyin veya ├Âzellik de─şerini null atanabilir olarak bildirmeyi g├Âz ├Ân├╝nde bulundurun. [C:\Users\LENOVO\Desktop\c# 2. s─▒n─▒f\GaziHastane\GaziHastane\GaziHastane.csproj]
C:\Users\LENOVO\Desktop\c# 2. s─▒n─▒f\GaziHastane\GaziHastane\Models\HemsirelikIcerik.cs(17,23): warning CS8618: Null atanamaz ├Âzellik 'MedyaYolu', olu┼şturucudan ├ğ─▒k─▒┼ş yaparken null olmayan bir de─şer i├ğermelidir. 'Gerekli' de─şi┼ştiricisini ekleyin veya ├Âzellik de─şerini null atanabilir olarak bildirmeyi g├Âz ├Ân├╝nde bulundurun. [C:\Users\LENOVO\Desktop\c# 2. s─▒n─▒f\GaziHastane\GaziHastane\GaziHastane.csproj]
C:\Users\LENOVO\Desktop\c# 2. s─▒n─▒f\GaziHastane\GaziHastane\Models\HemsirelikAyar.cs(9,23): warning CS8618: Null atanamaz ├Âzellik 'Misyon', olu┼şturucudan ├ğ─▒k─▒┼ş yaparken null olmayan bir de─şer i├ğermelidir. 'Gerekli' de─şi┼ştiricisini ekleyin veya ├Âzellik de─şerini null atanabilir olarak bildirmeyi g├Âz ├Ân├╝nde bulundurun. [C:\Users\LENOVO\Desktop\c# 2. s─▒n─▒f\GaziHastane\GaziHastane\GaziHastane.csproj]
C:\Users\LENOVO\Desktop\c# 2. s─▒n─▒f\GaziHastane\GaziHastane\Models\HemsirelikAyar.cs(10,23): warning CS8618: Null atanamaz ├Âzellik 'Vizyon', olu┼şturucudan ├ğ─▒k─▒┼ş yaparken null olmayan bir de─şer i├ğermelidir. 'Gerekli' de─şi┼ştiricisini ekleyin veya ├Âzellik de─şerini null atanabilir olarak bildirmeyi g├Âz ├Ân├╝nde bulundurun. [C:\Users\LENOVO\Desktop\c# 2. s─▒n─▒f\GaziHastane\GaziHastane\GaziHastane.csproj]
C:\Users\LENOVO\Desktop\c# 2. s─▒n─▒f\GaziHastane\GaziHastane\Models\HemsirelikAyar.cs(11,23): warning CS8618: Null atanamaz ├Âzellik 'OrganizasyonSemaUrl', olu┼şturucudan ├ğ─▒k─▒┼ş yaparken null olmayan bir de─şer i├ğermelidir. 'Gerekli' de─şi┼ştiricisini ekleyin veya ├Âzellik de─şerini null atanabilir olarak bildirmeyi g├Âz ├Ân├╝nde bulundurun. [C:\Users\LENOVO\Desktop\c# 2. s─▒n─▒f\GaziHastane\GaziHastane\GaziHastane.csproj]
C:\Users\LENOVO\Desktop\c# 2. s─▒n─▒f\GaziHastane\GaziHastane\Models\HemsirelikAyar.cs(14,23): warning CS8618: Null atanamaz ├Âzellik 'AyinHemsiresiAd', olu┼şturucudan ├ğ─▒k─▒┼ş yaparken null olmayan bir de─şer i├ğermelidir. 'Gerekli' de─şi┼ştiricisini ekleyin veya ├Âzellik de─şerini null atanabilir olarak bildirmeyi g├Âz ├Ân├╝nde bulundurun. [C:\Users\LENOVO\Desktop\c# 2. s─▒n─▒f\GaziHastane\GaziHastane\GaziHastane.csproj]
C:\Users\LENOVO\Desktop\c# 2. s─▒n─▒f\GaziHastane\GaziHastane\Models\HemsirelikAyar.cs(15,23): warning CS8618: Null atanamaz ├Âzellik 'AyinHemsiresiBirim', olu┼şturucudan ├ğ─▒k─▒┼ş yaparken null olmayan bir de─şer i├ğermelidir. 'Gerekli' de─şi┼ştiricisini ekleyin veya ├Âzellik de─şerini null atanabilir olarak bildirmeyi g├Âz ├Ân├╝nde bulundurun. [C:\Users\LENOVO\Desktop\c# 2. s─▒n─▒f\GaziHastane\GaziHastane\GaziHastane.csproj]
C:\Users\LENOVO\Desktop\c# 2. s─▒n─▒f\GaziHastane\GaziHastane\Models\HemsirelikAyar.cs(16,23): warning CS8618: Null atanamaz ├Âzellik 'AyinHemsiresiSoz', olu┼şturucudan ├ğ─▒k─▒┼ş yaparken null olmayan bir de─şer i├ğermelidir. 'Gerekli' de─şi┼ştiricisini ekleyin veya ├Âzellik de─şerini null atanabilir olarak bildirmeyi g├Âz ├Ân├╝nde bulundurun. [C:\Users\LENOVO\Desktop\c# 2. s─▒n─▒f\GaziHastane\GaziHastane\GaziHastane.csproj]
C:\Users\LENOVO\Desktop\c# 2. s─▒n─▒f\GaziHastane\GaziHastane\Models\HemsirelikAyar.cs(17,23): warning CS8618: Null atanamaz ├Âzellik 'AyinHemsiresiFotoUrl', olu┼şturucudan ├ğ─▒k─▒┼ş yaparken null olmayan bir de─şer i├ğermelidir. 'Gerekli' de─şi┼ştiricisini ekleyin veya ├Âzellik de─şerini null atanabilir olarak bildirmeyi g├Âz ├Ân├╝nde bulundurun. [C:\Users\LENOVO\Desktop\c# 2. s─▒n─▒f\GaziHastane\GaziHastane\GaziHastane.csproj]
C:\Users\LENOVO\Desktop\c# 2. s─▒n─▒f\GaziHastane\GaziHastane\Models\HemsirelikAyar.cs(20,23): warning CS8618: Null atanamaz ├Âzellik 'Telefon', olu┼şturucudan ├ğ─▒k─▒┼ş yaparken null olmayan bir de─şer i├ğermelidir. 'Gerekli' de─şi┼ştiricisini ekleyin veya ├Âzellik de─şerini null atanabilir olarak bildirmeyi g├Âz ├Ân├╝nde bulundurun. [C:\Users\LENOVO\Desktop\c# 2. s─▒n─▒f\GaziHastane\GaziHastane\GaziHastane.csproj]
C:\Users\LENOVO\Desktop\c# 2. s─▒n─▒f\GaziHastane\GaziHastane\Models\HemsirelikAyar.cs(21,23): warning CS8618: Null atanamaz ├Âzellik 'Email', olu┼şturucudan ├ğ─▒k─▒┼ş yaparken null olmayan bir de─şer i├ğermelidir. 'Gerekli' de─şi┼ştiricisini ekleyin veya ├Âzellik de─şerini null atanabilir olarak bildirmeyi g├Âz ├Ân├╝nde bulundurun. [C:\Users\LENOVO\Desktop\c# 2. s─▒n─▒f\GaziHastane\GaziHastane\GaziHastane.csproj]
C:\Users\LENOVO\Desktop\c# 2. s─▒n─▒f\GaziHastane\GaziHastane\Models\HemsirelikAyar.cs(22,23): warning CS8618: Null atanamaz ├Âzellik 'Adres', olu┼şturucudan ├ğ─▒k─▒┼ş yaparken null olmayan bir de─şer i├ğermelidir. 'Gerekli' de─şi┼ştiricisini ekleyin veya ├Âzellik de─şerini null atanabilir olarak bildirmeyi g├Âz ├Ân├╝nde bulundurun. [C:\Users\LENOVO\Desktop\c# 2. s─▒n─▒f\GaziHastane\GaziHastane\GaziHastane.csproj]
C:\Users\LENOVO\Desktop\c# 2. s─▒n─▒f\GaziHastane\GaziHastane\Areas\Admin\Controllers\AuthController.cs(36,17): warning CS8602: Olas─▒ bir null ba┼şvurunun ba┼şvurma i┼şlemi. [C:\Users\LENOVO\Desktop\c# 2. s─▒n─▒f\GaziHastane\GaziHastane\GaziHastane.csproj]
C:\Users\LENOVO\Desktop\c# 2. s─▒n─▒f\GaziHastane\GaziHastane\Controllers\RandevuController.cs(258,30): warning CS0168: 'ex' de─şi┼şkeni ifade edilir ancak hi├ğbir zaman kullan─▒lmaz [C:\Users\LENOVO\Desktop\c# 2. s─▒n─▒f\GaziHastane\GaziHastane\GaziHastane.csproj]
C:\Users\LENOVO\Desktop\c# 2. s─▒n─▒f\GaziHastane\GaziHastane\Views\Kurumsal\HemsirelikHizmetleri.cshtml(285,95): warning CS8602: Olas─▒ bir null ba┼şvurunun ba┼şvurma i┼şlemi. [C:\Users\LENOVO\Desktop\c# 2. s─▒n─▒f\GaziHastane\GaziHastane\GaziHastane.csproj]
C:\Users\LENOVO\Desktop\c# 2. s─▒n─▒f\GaziHastane\GaziHastane\Areas\Admin\Controllers\KrokiController.cs(23,33): warning CS8620: 'IIncludableQueryable<KrokiBlok, ICollection<KrokiKat>?>' t├╝r├╝ndeki ba─ş─▒ms─▒z de─şi┼şken, ba┼şvuru t├╝rlerinin null atanabilirlik farkl─▒l─▒klar─▒ nedeniyle 'IIncludableQueryable<KrokiBlok, ICollection<KrokiBolum>?> EntityFrameworkQueryableExtensions.ThenInclude<KrokiBlok, KrokiKat, ICollection<KrokiBolum>?>(IIncludableQueryable<KrokiBlok, IEnumerable<KrokiKat>> source, Expression<Func<KrokiKat, ICollection<KrokiBolum>?>> navigationPropertyPath)' i├ğinde 'IIncludableQueryable<KrokiBlok, IEnumerable<KrokiKat>>' t├╝r├╝ndeki 'source' parametresi i├ğin kullan─▒lamaz. [C:\Users\LENOVO\Desktop\c# 2. s─▒n─▒f\GaziHastane\GaziHastane\GaziHastane.csproj]
C:\Users\LENOVO\Desktop\c# 2. s─▒n─▒f\GaziHastane\GaziHastane\Areas\Admin\Controllers\KrokiController.cs(32,42): warning CS1998: This async method lacks 'await' operators and will run synchronously. Consider using the 'await' operator to await non-blocking API calls, or 'await Task.Run(...)' to do CPU-bound work on a background thread. [C:\Users\LENOVO\Desktop\c# 2. s─▒n─▒f\GaziHastane\GaziHastane\GaziHastane.csproj]
C:\Users\LENOVO\Desktop\c# 2. s─▒n─▒f\GaziHastane\GaziHastane\Areas\Admin\Controllers\KrokiController.cs(69,42): warning CS1998: This async method lacks 'await' operators and will run synchronously. Consider using the 'await' operator to await non-blocking API calls, or 'await Task.Run(...)' to do CPU-bound work on a background thread. [C:\Users\LENOVO\Desktop\c# 2. s─▒n─▒f\GaziHastane\GaziHastane\GaziHastane.csproj]
C:\Users\LENOVO\Desktop\c# 2. s─▒n─▒f\GaziHastane\GaziHastane\Areas\Admin\Controllers\KrokiController.cs(106,42): warning CS1998: This async method lacks 'await' operators and will run synchronously. Consider using the 'await' operator to await non-blocking API calls, or 'await Task.Run(...)' to do CPU-bound work on a background thread. [C:\Users\LENOVO\Desktop\c# 2. s─▒n─▒f\GaziHastane\GaziHastane\GaziHastane.csproj]
C:\Users\LENOVO\Desktop\c# 2. s─▒n─▒f\GaziHastane\GaziHastane\Controllers\HomeController.cs(129,33): warning CS8620: 'IIncludableQueryable<KrokiBlok, ICollection<KrokiKat>?>' t├╝r├╝ndeki ba─ş─▒ms─▒z de─şi┼şken, ba┼şvuru t├╝rlerinin null atanabilirlik farkl─▒l─▒klar─▒ nedeniyle 'IIncludableQueryable<KrokiBlok, ICollection<KrokiBolum>?> EntityFrameworkQueryableExtensions.ThenInclude<KrokiBlok, KrokiKat, ICollection<KrokiBolum>?>(IIncludableQueryable<KrokiBlok, IEnumerable<KrokiKat>> source, Expression<Func<KrokiKat, ICollection<KrokiBolum>?>> navigationPropertyPath)' i├ğinde 'IIncludableQueryable<KrokiBlok, IEnumerable<KrokiKat>>' t├╝r├╝ndeki 'source' parametresi i├ğin kullan─▒lamaz. [C:\Users\LENOVO\Desktop\c# 2. s─▒n─▒f\GaziHastane\GaziHastane\GaziHastane.csproj]
C:\Users\LENOVO\Desktop\c# 2. s─▒n─▒f\GaziHastane\GaziHastane\Controllers\ChatController.cs(163,63): warning CS8602: Olas─▒ bir null ba┼şvurunun ba┼şvurma i┼şlemi. [C:\Users\LENOVO\Desktop\c# 2. s─▒n─▒f\GaziHastane\GaziHastane\GaziHastane.csproj]
C:\Users\LENOVO\Desktop\c# 2. s─▒n─▒f\GaziHastane\GaziHastane\Controllers\ChatController.cs(472,39): warning CS8602: Olas─▒ bir null ba┼şvurunun ba┼şvurma i┼şlemi. [C:\Users\LENOVO\Desktop\c# 2. s─▒n─▒f\GaziHastane\GaziHastane\GaziHastane.csproj]
C:\Users\LENOVO\Desktop\c# 2. s─▒n─▒f\GaziHastane\GaziHastane\Controllers\ChatController.cs(568,46): warning CS1998: This async method lacks 'await' operators and will run synchronously. Consider using the 'await' operator to await non-blocking API calls, or 'await Task.Run(...)' to do CPU-bound work on a background thread. [C:\Users\LENOVO\Desktop\c# 2. s─▒n─▒f\GaziHastane\GaziHastane\GaziHastane.csproj]
C:\Users\LENOVO\Desktop\c# 2. s─▒n─▒f\GaziHastane\GaziHastane\Areas\Admin\Views\Kurumsal\HemsirelikHizmetleri.cshtml(92,67): error CS1061: 'HemsirelikIcerik' bir 'MedyaUrl' tan─▒m─▒ i├ğermiyor ve 'HemsirelikIcerik' t├╝r├╝nde bir ilk ba─ş─▒ms─▒z de─şi┼şken kabul eden hi├ğbir eri┼şilebilir 'MedyaUrl' geni┼şletme y├Ântemi bulunamad─▒ (bir kullanma y├Ânergeniz veya derleme ba┼şvurunuz eksik olabilir mi?) [C:\Users\LENOVO\Desktop\c# 2. s─▒n─▒f\GaziHastane\GaziHastane\GaziHastane.csproj]

Olu┼şturma BA┼ŞARISIZ OLDU.

C:\Program Files\dotnet\sdk\9.0.310\Sdks\Microsoft.NET.Sdk\targets\Microsoft.NET.EolTargetFrameworks.targets(32,5): warning NETSDK1138: 'net7.0' hedef ├ğer├ğevesi destek kapsam─▒ d─▒┼ş─▒nda ve gelecekte g├╝venlik g├╝ncelle┼ştirmeleri almayacak. L├╝tfen destek ilkesi hakk─▒nda daha fazla bilgi i├ğin ┼şuraya bak─▒n: https://aka.ms/dotnet-core-support. [C:\Users\LENOVO\Desktop\c# 2. s─▒n─▒f\GaziHastane\GaziHastane\GaziHastane.csproj]
C:\Program Files\dotnet\sdk\9.0.310\Sdks\Microsoft.NET.Sdk\targets\Microsoft.NET.EolTargetFrameworks.targets(32,5): warning NETSDK1138: 'net7.0' hedef ├ğer├ğevesi destek kapsam─▒ d─▒┼ş─▒nda ve gelecekte g├╝venlik g├╝ncelle┼ştirmeleri almayacak. L├╝tfen destek ilkesi hakk─▒nda daha fazla bilgi i├ğin ┼şuraya bak─▒n: https://aka.ms/dotnet-core-support. [C:\Users\LENOVO\Desktop\c# 2. s─▒n─▒f\GaziHastane\GaziHastane\GaziHastane.csproj]
C:\Users\LENOVO\Desktop\c# 2. s─▒n─▒f\GaziHastane\GaziHastane\Models\OdemeMakbuzViewModel.cs(31,23): warning CS8618: Null atanamaz ├Âzellik 'IslemAdi', olu┼şturucudan ├ğ─▒k─▒┼ş yaparken null olmayan bir de─şer i├ğermelidir. 'Gerekli' de─şi┼ştiricisini ekleyin veya ├Âzellik de─şerini null atanabilir olarak bildirmeyi g├Âz ├Ân├╝nde bulundurun. [C:\Users\LENOVO\Desktop\c# 2. s─▒n─▒f\GaziHastane\GaziHastane\GaziHastane.csproj]
C:\Users\LENOVO\Desktop\c# 2. s─▒n─▒f\GaziHastane\GaziHastane\Models\OdemeMakbuzViewModel.cs(10,23): warning CS8618: Null atanamaz ├Âzellik 'HastaAdSoyad', olu┼şturucudan ├ğ─▒k─▒┼ş yaparken null olmayan bir de─şer i├ğermelidir. 'Gerekli' de─şi┼ştiricisini ekleyin veya ├Âzellik de─şerini null atanabilir olarak bildirmeyi g├Âz ├Ân├╝nde bulundurun. [C:\Users\LENOVO\Desktop\c# 2. s─▒n─▒f\GaziHastane\GaziHastane\GaziHastane.csproj]
C:\Users\LENOVO\Desktop\c# 2. s─▒n─▒f\GaziHastane\GaziHastane\Models\OdemeMakbuzViewModel.cs(11,23): warning CS8618: Null atanamaz ├Âzellik 'TcKimlik', olu┼şturucudan ├ğ─▒k─▒┼ş yaparken null olmayan bir de─şer i├ğermelidir. 'Gerekli' de─şi┼ştiricisini ekleyin veya ├Âzellik de─şerini null atanabilir olarak bildirmeyi g├Âz ├Ân├╝nde bulundurun. [C:\Users\LENOVO\Desktop\c# 2. s─▒n─▒f\GaziHastane\GaziHastane\GaziHastane.csproj]
C:\Users\LENOVO\Desktop\c# 2. s─▒n─▒f\GaziHastane\GaziHastane\Models\OdemeMakbuzViewModel.cs(12,23): warning CS8618: Null atanamaz ├Âzellik 'MakbuzNo', olu┼şturucudan ├ğ─▒k─▒┼ş yaparken null olmayan bir de─şer i├ğermelidir. 'Gerekli' de─şi┼ştiricisini ekleyin veya ├Âzellik de─şerini null atanabilir olarak bildirmeyi g├Âz ├Ân├╝nde bulundurun. [C:\Users\LENOVO\Desktop\c# 2. s─▒n─▒f\GaziHastane\GaziHastane\GaziHastane.csproj]
C:\Users\LENOVO\Desktop\c# 2. s─▒n─▒f\GaziHastane\GaziHastane\Models\OdemeMakbuzViewModel.cs(14,23): warning CS8618: Null atanamaz ├Âzellik 'OdemeYontemi', olu┼şturucudan ├ğ─▒k─▒┼ş yaparken null olmayan bir de─şer i├ğermelidir. 'Gerekli' de─şi┼ştiricisini ekleyin veya ├Âzellik de─şerini null atanabilir olarak bildirmeyi g├Âz ├Ân├╝nde bulundurun. [C:\Users\LENOVO\Desktop\c# 2. s─▒n─▒f\GaziHastane\GaziHastane\GaziHastane.csproj]
C:\Users\LENOVO\Desktop\c# 2. s─▒n─▒f\GaziHastane\GaziHastane\Models\OdemeMakbuzViewModel.cs(15,23): warning CS8618: Null atanamaz ├Âzellik 'IslemRef', olu┼şturucudan ├ğ─▒k─▒┼ş yaparken null olmayan bir de─şer i├ğermelidir. 'Gerekli' de─şi┼ştiricisini ekleyin veya ├Âzellik de─şerini null atanabilir olarak bildirmeyi g├Âz ├Ân├╝nde bulundurun. [C:\Users\LENOVO\Desktop\c# 2. s─▒n─▒f\GaziHastane\GaziHastane\GaziHastane.csproj]
C:\Users\LENOVO\Desktop\c# 2. s─▒n─▒f\GaziHastane\GaziHastane\Models\KrokiYeni.cs(29,23): warning CS8618: Null atanamaz ├Âzellik 'BirimAdi', olu┼şturucudan ├ğ─▒k─▒┼ş yaparken null olmayan bir de─şer i├ğermelidir. 'Gerekli' de─şi┼ştiricisini ekleyin veya ├Âzellik de─şerini null atanabilir olarak bildirmeyi g├Âz ├Ân├╝nde bulundurun. [C:\Users\LENOVO\Desktop\c# 2. s─▒n─▒f\GaziHastane\GaziHastane\GaziHastane.csproj]
C:\Users\LENOVO\Desktop\c# 2. s─▒n─▒f\GaziHastane\GaziHastane\Models\KrokiYeni.cs(32,23): warning CS8618: Null atanamaz ├Âzellik 'Ikon', olu┼şturucudan ├ğ─▒k─▒┼ş yaparken null olmayan bir de─şer i├ğermelidir. 'Gerekli' de─şi┼ştiricisini ekleyin veya ├Âzellik de─şerini null atanabilir olarak bildirmeyi g├Âz ├Ân├╝nde bulundurun. [C:\Users\LENOVO\Desktop\c# 2. s─▒n─▒f\GaziHastane\GaziHastane\GaziHastane.csproj]
C:\Users\LENOVO\Desktop\c# 2. s─▒n─▒f\GaziHastane\GaziHastane\Models\KrokiYeni.cs(19,23): warning CS8618: Null atanamaz ├Âzellik 'KatAdi', olu┼şturucudan ├ğ─▒k─▒┼ş yaparken null olmayan bir de─şer i├ğermelidir. 'Gerekli' de─şi┼ştiricisini ekleyin veya ├Âzellik de─şerini null atanabilir olarak bildirmeyi g├Âz ├Ân├╝nde bulundurun. [C:\Users\LENOVO\Desktop\c# 2. s─▒n─▒f\GaziHastane\GaziHastane\GaziHastane.csproj]
C:\Users\LENOVO\Desktop\c# 2. s─▒n─▒f\GaziHastane\GaziHastane\Models\KrokiYeni.cs(10,23): warning CS8618: Null atanamaz ├Âzellik 'BlokAdi', olu┼şturucudan ├ğ─▒k─▒┼ş yaparken null olmayan bir de─şer i├ğermelidir. 'Gerekli' de─şi┼ştiricisini ekleyin veya ├Âzellik de─şerini null atanabilir olarak bildirmeyi g├Âz ├Ân├╝nde bulundurun. [C:\Users\LENOVO\Desktop\c# 2. s─▒n─▒f\GaziHastane\GaziHastane\GaziHastane.csproj]
C:\Users\LENOVO\Desktop\c# 2. s─▒n─▒f\GaziHastane\GaziHastane\Models\KrokiYeni.cs(11,23): warning CS8618: Null atanamaz ├Âzellik 'Renk', olu┼şturucudan ├ğ─▒k─▒┼ş yaparken null olmayan bir de─şer i├ğermelidir. 'Gerekli' de─şi┼ştiricisini ekleyin veya ├Âzellik de─şerini null atanabilir olarak bildirmeyi g├Âz ├Ân├╝nde bulundurun. [C:\Users\LENOVO\Desktop\c# 2. s─▒n─▒f\GaziHastane\GaziHastane\GaziHastane.csproj]
C:\Users\LENOVO\Desktop\c# 2. s─▒n─▒f\GaziHastane\GaziHastane\Models\HomeViewModel.cs(8,35): warning CS8618: Null atanamaz ├Âzellik 'Haberler', olu┼şturucudan ├ğ─▒k─▒┼ş yaparken null olmayan bir de─şer i├ğermelidir. 'Gerekli' de─şi┼ştiricisini ekleyin veya ├Âzellik de─şerini null atanabilir olarak bildirmeyi g├Âz ├Ân├╝nde bulundurun. [C:\Users\LENOVO\Desktop\c# 2. s─▒n─▒f\GaziHastane\GaziHastane\GaziHastane.csproj]
C:\Users\LENOVO\Desktop\c# 2. s─▒n─▒f\GaziHastane\GaziHastane\Models\HomeViewModel.cs(9,38): warning CS8618: Null atanamaz ├Âzellik 'Etkinlikler', olu┼şturucudan ├ğ─▒k─▒┼ş yaparken null olmayan bir de─şer i├ğermelidir. 'Gerekli' de─şi┼ştiricisini ekleyin veya ├Âzellik de─şerini null atanabilir olarak bildirmeyi g├Âz ├Ân├╝nde bulundurun. [C:\Users\LENOVO\Desktop\c# 2. s─▒n─▒f\GaziHastane\GaziHastane\GaziHastane.csproj]
C:\Users\LENOVO\Desktop\c# 2. s─▒n─▒f\GaziHastane\GaziHastane\Models\HomeViewModel.cs(10,36): warning CS8618: Null atanamaz ├Âzellik 'Duyurular', olu┼şturucudan ├ğ─▒k─▒┼ş yaparken null olmayan bir de─şer i├ğermelidir. 'Gerekli' de─şi┼ştiricisini ekleyin veya ├Âzellik de─şerini null atanabilir olarak bildirmeyi g├Âz ├Ân├╝nde bulundurun. [C:\Users\LENOVO\Desktop\c# 2. s─▒n─▒f\GaziHastane\GaziHastane\GaziHastane.csproj]
C:\Users\LENOVO\Desktop\c# 2. s─▒n─▒f\GaziHastane\GaziHastane\Models\HomeViewModel.cs(11,33): warning CS8618: Null atanamaz ├Âzellik 'HizliIslemler', olu┼şturucudan ├ğ─▒k─▒┼ş yaparken null olmayan bir de─şer i├ğermelidir. 'Gerekli' de─şi┼ştiricisini ekleyin veya ├Âzellik de─şerini null atanabilir olarak bildirmeyi g├Âz ├Ân├╝nde bulundurun. [C:\Users\LENOVO\Desktop\c# 2. s─▒n─▒f\GaziHastane\GaziHastane\GaziHastane.csproj]
C:\Users\LENOVO\Desktop\c# 2. s─▒n─▒f\GaziHastane\GaziHastane\Models\HomeViewModel.cs(12,28): warning CS8618: Null atanamaz ├Âzellik 'SliderGorselleri', olu┼şturucudan ├ğ─▒k─▒┼ş yaparken null olmayan bir de─şer i├ğermelidir. 'Gerekli' de─şi┼ştiricisini ekleyin veya ├Âzellik de─şerini null atanabilir olarak bildirmeyi g├Âz ├Ân├╝nde bulundurun. [C:\Users\LENOVO\Desktop\c# 2. s─▒n─▒f\GaziHastane\GaziHastane\GaziHastane.csproj]
C:\Users\LENOVO\Desktop\c# 2. s─▒n─▒f\GaziHastane\GaziHastane\Models\HemsirelikSekme.cs(11,23): warning CS8618: Null atanamaz ├Âzellik 'Baslik', olu┼şturucudan ├ğ─▒k─▒┼ş yaparken null olmayan bir de─şer i├ğermelidir. 'Gerekli' de─şi┼ştiricisini ekleyin veya ├Âzellik de─şerini null atanabilir olarak bildirmeyi g├Âz ├Ân├╝nde bulundurun. [C:\Users\LENOVO\Desktop\c# 2. s─▒n─▒f\GaziHastane\GaziHastane\GaziHastane.csproj]
C:\Users\LENOVO\Desktop\c# 2. s─▒n─▒f\GaziHastane\GaziHastane\Models\HemsirelikSekme.cs(14,23): warning CS8618: Null atanamaz ├Âzellik 'SekmeId', olu┼şturucudan ├ğ─▒k─▒┼ş yaparken null olmayan bir de─şer i├ğermelidir. 'Gerekli' de─şi┼ştiricisini ekleyin veya ├Âzellik de─şerini null atanabilir olarak bildirmeyi g├Âz ├Ân├╝nde bulundurun. [C:\Users\LENOVO\Desktop\c# 2. s─▒n─▒f\GaziHastane\GaziHastane\GaziHastane.csproj]
C:\Users\LENOVO\Desktop\c# 2. s─▒n─▒f\GaziHastane\GaziHastane\Models\HemsirelikSekme.cs(16,23): warning CS8618: Null atanamaz ├Âzellik 'IconClass', olu┼şturucudan ├ğ─▒k─▒┼ş yaparken null olmayan bir de─şer i├ğermelidir. 'Gerekli' de─şi┼ştiricisini ekleyin veya ├Âzellik de─şerini null atanabilir olarak bildirmeyi g├Âz ├Ân├╝nde bulundurun. [C:\Users\LENOVO\Desktop\c# 2. s─▒n─▒f\GaziHastane\GaziHastane\GaziHastane.csproj]
C:\Users\LENOVO\Desktop\c# 2. s─▒n─▒f\GaziHastane\GaziHastane\Models\HemsirelikModelView.cs(7,31): warning CS8618: Null atanamaz ├Âzellik 'Ayarlar', olu┼şturucudan ├ğ─▒k─▒┼ş yaparken null olmayan bir de─şer i├ğermelidir. 'Gerekli' de─şi┼ştiricisini ekleyin veya ├Âzellik de─şerini null atanabilir olarak bildirmeyi g├Âz ├Ân├╝nde bulundurun. [C:\Users\LENOVO\Desktop\c# 2. s─▒n─▒f\GaziHastane\GaziHastane\GaziHastane.csproj]
C:\Users\LENOVO\Desktop\c# 2. s─▒n─▒f\GaziHastane\GaziHastane\Models\HemsirelikModelView.cs(8,38): warning CS8618: Null atanamaz ├Âzellik 'Sekmeler', olu┼şturucudan ├ğ─▒k─▒┼ş yaparken null olmayan bir de─şer i├ğermelidir. 'Gerekli' de─şi┼ştiricisini ekleyin veya ├Âzellik de─şerini null atanabilir olarak bildirmeyi g├Âz ├Ân├╝nde bulundurun. [C:\Users\LENOVO\Desktop\c# 2. s─▒n─▒f\GaziHastane\GaziHastane\GaziHastane.csproj]
C:\Users\LENOVO\Desktop\c# 2. s─▒n─▒f\GaziHastane\GaziHastane\Models\HemsirelikModelView.cs(9,39): warning CS8618: Null atanamaz ├Âzellik 'YonetimKadrosu', olu┼şturucudan ├ğ─▒k─▒┼ş yaparken null olmayan bir de─şer i├ğermelidir. 'Gerekli' de─şi┼ştiricisini ekleyin veya ├Âzellik de─şerini null atanabilir olarak bildirmeyi g├Âz ├Ân├╝nde bulundurun. [C:\Users\LENOVO\Desktop\c# 2. s─▒n─▒f\GaziHastane\GaziHastane\GaziHastane.csproj]
C:\Users\LENOVO\Desktop\c# 2. s─▒n─▒f\GaziHastane\GaziHastane\Models\HemsirelikModelView.cs(10,39): warning CS8618: Null atanamaz ├Âzellik 'Gorevler', olu┼şturucudan ├ğ─▒k─▒┼ş yaparken null olmayan bir de─şer i├ğermelidir. 'Gerekli' de─şi┼ştiricisini ekleyin veya ├Âzellik de─şerini null atanabilir olarak bildirmeyi g├Âz ├Ân├╝nde bulundurun. [C:\Users\LENOVO\Desktop\c# 2. s─▒n─▒f\GaziHastane\GaziHastane\GaziHastane.csproj]
C:\Users\LENOVO\Desktop\c# 2. s─▒n─▒f\GaziHastane\GaziHastane\Models\HemsirelikModelView.cs(11,39): warning CS8618: Null atanamaz ├Âzellik 'Mevzuatlar', olu┼şturucudan ├ğ─▒k─▒┼ş yaparken null olmayan bir de─şer i├ğermelidir. 'Gerekli' de─şi┼ştiricisini ekleyin veya ├Âzellik de─şerini null atanabilir olarak bildirmeyi g├Âz ├Ân├╝nde bulundurun. [C:\Users\LENOVO\Desktop\c# 2. s─▒n─▒f\GaziHastane\GaziHastane\GaziHastane.csproj]
C:\Users\LENOVO\Desktop\c# 2. s─▒n─▒f\GaziHastane\GaziHastane\Models\HemsirelikModelView.cs(12,39): warning CS8618: Null atanamaz ├Âzellik 'GaleriFotograflari', olu┼şturucudan ├ğ─▒k─▒┼ş yaparken null olmayan bir de─şer i├ğermelidir. 'Gerekli' de─şi┼ştiricisini ekleyin veya ├Âzellik de─şerini null atanabilir olarak bildirmeyi g├Âz ├Ân├╝nde bulundurun. [C:\Users\LENOVO\Desktop\c# 2. s─▒n─▒f\GaziHastane\GaziHastane\GaziHastane.csproj]
C:\Users\LENOVO\Desktop\c# 2. s─▒n─▒f\GaziHastane\GaziHastane\Models\HemsirelikModelView.cs(13,39): warning CS8618: Null atanamaz ├Âzellik 'Etkinlikler', olu┼şturucudan ├ğ─▒k─▒┼ş yaparken null olmayan bir de─şer i├ğermelidir. 'Gerekli' de─şi┼ştiricisini ekleyin veya ├Âzellik de─şerini null atanabilir olarak bildirmeyi g├Âz ├Ân├╝nde bulundurun. [C:\Users\LENOVO\Desktop\c# 2. s─▒n─▒f\GaziHastane\GaziHastane\GaziHastane.csproj]
C:\Users\LENOVO\Desktop\c# 2. s─▒n─▒f\GaziHastane\GaziHastane\Models\HemsirelikModelView.cs(14,39): warning CS8618: Null atanamaz ├Âzellik 'AkisSemalari', olu┼şturucudan ├ğ─▒k─▒┼ş yaparken null olmayan bir de─şer i├ğermelidir. 'Gerekli' de─şi┼ştiricisini ekleyin veya ├Âzellik de─şerini null atanabilir olarak bildirmeyi g├Âz ├Ân├╝nde bulundurun. [C:\Users\LENOVO\Desktop\c# 2. s─▒n─▒f\GaziHastane\GaziHastane\GaziHastane.csproj]
C:\Users\LENOVO\Desktop\c# 2. s─▒n─▒f\GaziHastane\GaziHastane\Models\HemsirelikIcerik.cs(12,23): warning CS8618: Null atanamaz ├Âzellik 'Kategori', olu┼şturucudan ├ğ─▒k─▒┼ş yaparken null olmayan bir de─şer i├ğermelidir. 'Gerekli' de─şi┼ştiricisini ekleyin veya ├Âzellik de─şerini null atanabilir olarak bildirmeyi g├Âz ├Ân├╝nde bulundurun. [C:\Users\LENOVO\Desktop\c# 2. s─▒n─▒f\GaziHastane\GaziHastane\GaziHastane.csproj]
C:\Users\LENOVO\Desktop\c# 2. s─▒n─▒f\GaziHastane\GaziHastane\Models\HemsirelikIcerik.cs(14,23): warning CS8618: Null atanamaz ├Âzellik 'Baslik', olu┼şturucudan ├ğ─▒k─▒┼ş yaparken null olmayan bir de─şer i├ğermelidir. 'Gerekli' de─şi┼ştiricisini ekleyin veya ├Âzellik de─şerini null atanabilir olarak bildirmeyi g├Âz ├Ân├╝nde bulundurun. [C:\Users\LENOVO\Desktop\c# 2. s─▒n─▒f\GaziHastane\GaziHastane\GaziHastane.csproj]
C:\Users\LENOVO\Desktop\c# 2. s─▒n─▒f\GaziHastane\GaziHastane\Models\HemsirelikIcerik.cs(15,23): warning CS8618: Null atanamaz ├Âzellik 'AltBaslik', olu┼şturucudan ├ğ─▒k─▒┼ş yaparken null olmayan bir de─şer i├ğermelidir. 'Gerekli' de─şi┼ştiricisini ekleyin veya ├Âzellik de─şerini null atanabilir olarak bildirmeyi g├Âz ├Ân├╝nde bulundurun. [C:\Users\LENOVO\Desktop\c# 2. s─▒n─▒f\GaziHastane\GaziHastane\GaziHastane.csproj]
C:\Users\LENOVO\Desktop\c# 2. s─▒n─▒f\GaziHastane\GaziHastane\Models\HemsirelikIcerik.cs(16,23): warning CS8618: Null atanamaz ├Âzellik 'Aciklama', olu┼şturucudan ├ğ─▒k─▒┼ş yaparken null olmayan bir de─şer i├ğermelidir. 'Gerekli' de─şi┼ştiricisini ekleyin veya ├Âzellik de─şerini null atanabilir olarak bildirmeyi g├Âz ├Ân├╝nde bulundurun. [C:\Users\LENOVO\Desktop\c# 2. s─▒n─▒f\GaziHastane\GaziHastane\GaziHastane.csproj]
C:\Users\LENOVO\Desktop\c# 2. s─▒n─▒f\GaziHastane\GaziHastane\Models\HemsirelikIcerik.cs(17,23): warning CS8618: Null atanamaz ├Âzellik 'MedyaYolu', olu┼şturucudan ├ğ─▒k─▒┼ş yaparken null olmayan bir de─şer i├ğermelidir. 'Gerekli' de─şi┼ştiricisini ekleyin veya ├Âzellik de─şerini null atanabilir olarak bildirmeyi g├Âz ├Ân├╝nde bulundurun. [C:\Users\LENOVO\Desktop\c# 2. s─▒n─▒f\GaziHastane\GaziHastane\GaziHastane.csproj]
C:\Users\LENOVO\Desktop\c# 2. s─▒n─▒f\GaziHastane\GaziHastane\Models\HemsirelikAyar.cs(9,23): warning CS8618: Null atanamaz ├Âzellik 'Misyon', olu┼şturucudan ├ğ─▒k─▒┼ş yaparken null olmayan bir de─şer i├ğermelidir. 'Gerekli' de─şi┼ştiricisini ekleyin veya ├Âzellik de─şerini null atanabilir olarak bildirmeyi g├Âz ├Ân├╝nde bulundurun. [C:\Users\LENOVO\Desktop\c# 2. s─▒n─▒f\GaziHastane\GaziHastane\GaziHastane.csproj]
C:\Users\LENOVO\Desktop\c# 2. s─▒n─▒f\GaziHastane\GaziHastane\Models\HemsirelikAyar.cs(10,23): warning CS8618: Null atanamaz ├Âzellik 'Vizyon', olu┼şturucudan ├ğ─▒k─▒┼ş yaparken null olmayan bir de─şer i├ğermelidir. 'Gerekli' de─şi┼ştiricisini ekleyin veya ├Âzellik de─şerini null atanabilir olarak bildirmeyi g├Âz ├Ân├╝nde bulundurun. [C:\Users\LENOVO\Desktop\c# 2. s─▒n─▒f\GaziHastane\GaziHastane\GaziHastane.csproj]
C:\Users\LENOVO\Desktop\c# 2. s─▒n─▒f\GaziHastane\GaziHastane\Models\HemsirelikAyar.cs(11,23): warning CS8618: Null atanamaz ├Âzellik 'OrganizasyonSemaUrl', olu┼şturucudan ├ğ─▒k─▒┼ş yaparken null olmayan bir de─şer i├ğermelidir. 'Gerekli' de─şi┼ştiricisini ekleyin veya ├Âzellik de─şerini null atanabilir olarak bildirmeyi g├Âz ├Ân├╝nde bulundurun. [C:\Users\LENOVO\Desktop\c# 2. s─▒n─▒f\GaziHastane\GaziHastane\GaziHastane.csproj]
C:\Users\LENOVO\Desktop\c# 2. s─▒n─▒f\GaziHastane\GaziHastane\Models\HemsirelikAyar.cs(14,23): warning CS8618: Null atanamaz ├Âzellik 'AyinHemsiresiAd', olu┼şturucudan ├ğ─▒k─▒┼ş yaparken null olmayan bir de─şer i├ğermelidir. 'Gerekli' de─şi┼ştiricisini ekleyin veya ├Âzellik de─şerini null atanabilir olarak bildirmeyi g├Âz ├Ân├╝nde bulundurun. [C:\Users\LENOVO\Desktop\c# 2. s─▒n─▒f\GaziHastane\GaziHastane\GaziHastane.csproj]
C:\Users\LENOVO\Desktop\c# 2. s─▒n─▒f\GaziHastane\GaziHastane\Models\HemsirelikAyar.cs(15,23): warning CS8618: Null atanamaz ├Âzellik 'AyinHemsiresiBirim', olu┼şturucudan ├ğ─▒k─▒┼ş yaparken null olmayan bir de─şer i├ğermelidir. 'Gerekli' de─şi┼ştiricisini ekleyin veya ├Âzellik de─şerini null atanabilir olarak bildirmeyi g├Âz ├Ân├╝nde bulundurun. [C:\Users\LENOVO\Desktop\c# 2. s─▒n─▒f\GaziHastane\GaziHastane\GaziHastane.csproj]
C:\Users\LENOVO\Desktop\c# 2. s─▒n─▒f\GaziHastane\GaziHastane\Models\HemsirelikAyar.cs(16,23): warning CS8618: Null atanamaz ├Âzellik 'AyinHemsiresiSoz', olu┼şturucudan ├ğ─▒k─▒┼ş yaparken null olmayan bir de─şer i├ğermelidir. 'Gerekli' de─şi┼ştiricisini ekleyin veya ├Âzellik de─şerini null atanabilir olarak bildirmeyi g├Âz ├Ân├╝nde bulundurun. [C:\Users\LENOVO\Desktop\c# 2. s─▒n─▒f\GaziHastane\GaziHastane\GaziHastane.csproj]
C:\Users\LENOVO\Desktop\c# 2. s─▒n─▒f\GaziHastane\GaziHastane\Models\HemsirelikAyar.cs(17,23): warning CS8618: Null atanamaz ├Âzellik 'AyinHemsiresiFotoUrl', olu┼şturucudan ├ğ─▒k─▒┼ş yaparken null olmayan bir de─şer i├ğermelidir. 'Gerekli' de─şi┼ştiricisini ekleyin veya ├Âzellik de─şerini null atanabilir olarak bildirmeyi g├Âz ├Ân├╝nde bulundurun. [C:\Users\LENOVO\Desktop\c# 2. s─▒n─▒f\GaziHastane\GaziHastane\GaziHastane.csproj]
C:\Users\LENOVO\Desktop\c# 2. s─▒n─▒f\GaziHastane\GaziHastane\Models\HemsirelikAyar.cs(20,23): warning CS8618: Null atanamaz ├Âzellik 'Telefon', olu┼şturucudan ├ğ─▒k─▒┼ş yaparken null olmayan bir de─şer i├ğermelidir. 'Gerekli' de─şi┼ştiricisini ekleyin veya ├Âzellik de─şerini null atanabilir olarak bildirmeyi g├Âz ├Ân├╝nde bulundurun. [C:\Users\LENOVO\Desktop\c# 2. s─▒n─▒f\GaziHastane\GaziHastane\GaziHastane.csproj]
C:\Users\LENOVO\Desktop\c# 2. s─▒n─▒f\GaziHastane\GaziHastane\Models\HemsirelikAyar.cs(21,23): warning CS8618: Null atanamaz ├Âzellik 'Email', olu┼şturucudan ├ğ─▒k─▒┼ş yaparken null olmayan bir de─şer i├ğermelidir. 'Gerekli' de─şi┼ştiricisini ekleyin veya ├Âzellik de─şerini null atanabilir olarak bildirmeyi g├Âz ├Ân├╝nde bulundurun. [C:\Users\LENOVO\Desktop\c# 2. s─▒n─▒f\GaziHastane\GaziHastane\GaziHastane.csproj]
C:\Users\LENOVO\Desktop\c# 2. s─▒n─▒f\GaziHastane\GaziHastane\Models\HemsirelikAyar.cs(22,23): warning CS8618: Null atanamaz ├Âzellik 'Adres', olu┼şturucudan ├ğ─▒k─▒┼ş yaparken null olmayan bir de─şer i├ğermelidir. 'Gerekli' de─şi┼ştiricisini ekleyin veya ├Âzellik de─şerini null atanabilir olarak bildirmeyi g├Âz ├Ân├╝nde bulundurun. [C:\Users\LENOVO\Desktop\c# 2. s─▒n─▒f\GaziHastane\GaziHastane\GaziHastane.csproj]
C:\Users\LENOVO\Desktop\c# 2. s─▒n─▒f\GaziHastane\GaziHastane\Areas\Admin\Controllers\AuthController.cs(36,17): warning CS8602: Olas─▒ bir null ba┼şvurunun ba┼şvurma i┼şlemi. [C:\Users\LENOVO\Desktop\c# 2. s─▒n─▒f\GaziHastane\GaziHastane\GaziHastane.csproj]
C:\Users\LENOVO\Desktop\c# 2. s─▒n─▒f\GaziHastane\GaziHastane\Controllers\RandevuController.cs(258,30): warning CS0168: 'ex' de─şi┼şkeni ifade edilir ancak hi├ğbir zaman kullan─▒lmaz [C:\Users\LENOVO\Desktop\c# 2. s─▒n─▒f\GaziHastane\GaziHastane\GaziHastane.csproj]
C:\Users\LENOVO\Desktop\c# 2. s─▒n─▒f\GaziHastane\GaziHastane\Views\Kurumsal\HemsirelikHizmetleri.cshtml(285,95): warning CS8602: Olas─▒ bir null ba┼şvurunun ba┼şvurma i┼şlemi. [C:\Users\LENOVO\Desktop\c# 2. s─▒n─▒f\GaziHastane\GaziHastane\GaziHastane.csproj]
C:\Users\LENOVO\Desktop\c# 2. s─▒n─▒f\GaziHastane\GaziHastane\Areas\Admin\Controllers\KrokiController.cs(23,33): warning CS8620: 'IIncludableQueryable<KrokiBlok, ICollection<KrokiKat>?>' t├╝r├╝ndeki ba─ş─▒ms─▒z de─şi┼şken, ba┼şvuru t├╝rlerinin null atanabilirlik farkl─▒l─▒klar─▒ nedeniyle 'IIncludableQueryable<KrokiBlok, ICollection<KrokiBolum>?> EntityFrameworkQueryableExtensions.ThenInclude<KrokiBlok, KrokiKat, ICollection<KrokiBolum>?>(IIncludableQueryable<KrokiBlok, IEnumerable<KrokiKat>> source, Expression<Func<KrokiKat, ICollection<KrokiBolum>?>> navigationPropertyPath)' i├ğinde 'IIncludableQueryable<KrokiBlok, IEnumerable<KrokiKat>>' t├╝r├╝ndeki 'source' parametresi i├ğin kullan─▒lamaz. [C:\Users\LENOVO\Desktop\c# 2. s─▒n─▒f\GaziHastane\GaziHastane\GaziHastane.csproj]
C:\Users\LENOVO\Desktop\c# 2. s─▒n─▒f\GaziHastane\GaziHastane\Areas\Admin\Controllers\KrokiController.cs(32,42): warning CS1998: This async method lacks 'await' operators and will run synchronously. Consider using the 'await' operator to await non-blocking API calls, or 'await Task.Run(...)' to do CPU-bound work on a background thread. [C:\Users\LENOVO\Desktop\c# 2. s─▒n─▒f\GaziHastane\GaziHastane\GaziHastane.csproj]
C:\Users\LENOVO\Desktop\c# 2. s─▒n─▒f\GaziHastane\GaziHastane\Areas\Admin\Controllers\KrokiController.cs(69,42): warning CS1998: This async method lacks 'await' operators and will run synchronously. Consider using the 'await' operator to await non-blocking API calls, or 'await Task.Run(...)' to do CPU-bound work on a background thread. [C:\Users\LENOVO\Desktop\c# 2. s─▒n─▒f\GaziHastane\GaziHastane\GaziHastane.csproj]
C:\Users\LENOVO\Desktop\c# 2. s─▒n─▒f\GaziHastane\GaziHastane\Areas\Admin\Controllers\KrokiController.cs(106,42): warning CS1998: This async method lacks 'await' operators and will run synchronously. Consider using the 'await' operator to await non-blocking API calls, or 'await Task.Run(...)' to do CPU-bound work on a background thread. [C:\Users\LENOVO\Desktop\c# 2. s─▒n─▒f\GaziHastane\GaziHastane\GaziHastane.csproj]
C:\Users\LENOVO\Desktop\c# 2. s─▒n─▒f\GaziHastane\GaziHastane\Controllers\HomeController.cs(129,33): warning CS8620: 'IIncludableQueryable<KrokiBlok, ICollection<KrokiKat>?>' t├╝r├╝ndeki ba─ş─▒ms─▒z de─şi┼şken, ba┼şvuru t├╝rlerinin null atanabilirlik farkl─▒l─▒klar─▒ nedeniyle 'IIncludableQueryable<KrokiBlok, ICollection<KrokiBolum>?> EntityFrameworkQueryableExtensions.ThenInclude<KrokiBlok, KrokiKat, ICollection<KrokiBolum>?>(IIncludableQueryable<KrokiBlok, IEnumerable<KrokiKat>> source, Expression<Func<KrokiKat, ICollection<KrokiBolum>?>> navigationPropertyPath)' i├ğinde 'IIncludableQueryable<KrokiBlok, IEnumerable<KrokiKat>>' t├╝r├╝ndeki 'source' parametresi i├ğin kullan─▒lamaz. [C:\Users\LENOVO\Desktop\c# 2. s─▒n─▒f\GaziHastane\GaziHastane\GaziHastane.csproj]
C:\Users\LENOVO\Desktop\c# 2. s─▒n─▒f\GaziHastane\GaziHastane\Controllers\ChatController.cs(163,63): warning CS8602: Olas─▒ bir null ba┼şvurunun ba┼şvurma i┼şlemi. [C:\Users\LENOVO\Desktop\c# 2. s─▒n─▒f\GaziHastane\GaziHastane\GaziHastane.csproj]
C:\Users\LENOVO\Desktop\c# 2. s─▒n─▒f\GaziHastane\GaziHastane\Controllers\ChatController.cs(472,39): warning CS8602: Olas─▒ bir null ba┼şvurunun ba┼şvurma i┼şlemi. [C:\Users\LENOVO\Desktop\c# 2. s─▒n─▒f\GaziHastane\GaziHastane\GaziHastane.csproj]
C:\Users\LENOVO\Desktop\c# 2. s─▒n─▒f\GaziHastane\GaziHastane\Controllers\ChatController.cs(568,46): warning CS1998: This async method lacks 'await' operators and will run synchronously. Consider using the 'await' operator to await non-blocking API calls, or 'await Task.Run(...)' to do CPU-bound work on a background thread. [C:\Users\LENOVO\Desktop\c# 2. s─▒n─▒f\GaziHastane\GaziHastane\GaziHastane.csproj]
C:\Users\LENOVO\Desktop\c# 2. s─▒n─▒f\GaziHastane\GaziHastane\Areas\Admin\Views\Kurumsal\HemsirelikHizmetleri.cshtml(92,67): error CS1061: 'HemsirelikIcerik' bir 'MedyaUrl' tan─▒m─▒ i├ğermiyor ve 'HemsirelikIcerik' t├╝r├╝nde bir ilk ba─ş─▒ms─▒z de─şi┼şken kabul eden hi├ğbir eri┼şilebilir 'MedyaUrl' geni┼şletme y├Ântemi bulunamad─▒ (bir kullanma y├Ânergeniz veya derleme ba┼şvurunuz eksik olabilir mi?) [C:\Users\LENOVO\Desktop\c# 2. s─▒n─▒f\GaziHastane\GaziHastane\GaziHastane.csproj]
    55 Uyar─▒
    1 Hata

Ge├ğen S├╝re 00:00:09.12
